// Jest Snapshot v1, https://goo.gl/fbAQLP

exports[`container for widgets this is a test for Community Container 1`] = `
<styled.div>
  <styled.div>
    <Header />
    <styled.div />
  </styled.div>
</styled.div>
`;
