// Jest Snapshot v1, https://goo.gl/fbAQLP

exports[`NewPasswordPage Component this is a test for NewPasswordPage Component 1`] = `
<styled.div>
  <styled.div />
  <styled.div>
    <NewPasswordPageCom />
  </styled.div>
</styled.div>
`;
