// Jest Snapshot v1, https://goo.gl/fbAQLP

exports[`Component set community info should render without crashing 1`] = `
<ContextProvider
  value={
    Object {
      "community": null,
      "setCommunity": [Function],
    }
  }
>
  <SetSubReddit />
</ContextProvider>
`;
