// Jest Snapshot v1, https://goo.gl/fbAQLP

exports[`Top Communities this is a test for Top Communities 1`] = `""`;
