// Jest Snapshot v1, https://goo.gl/fbAQLP

exports[`LoadingSpinner Component this is a test for LoadingSpinner Component 1`] = `
<styled.div>
  <Spinner
    animation="border"
  />
</styled.div>
`;
