// Jest Snapshot v1, https://goo.gl/fbAQLP

exports[`show members and online members should render without crashing 1`] = `
<ContextProvider
  value={
    Object {
      "community": null,
      "setCommunity": [Function],
    }
  }
>
  <OnlineMembers />
</ContextProvider>
`;
