// Jest Snapshot v1, https://goo.gl/fbAQLP

exports[`Community Leaderboard Community Container this is a test for Community Container 1`] = `ShallowWrapper {}`;
