// Jest Snapshot v1, https://goo.gl/fbAQLP

exports[`InterestButton Component this is a test for InterestButton Component 1`] = `<styled.button />`;
