// Jest Snapshot v1, https://goo.gl/fbAQLP

exports[`GenderButton Component this is a test for GenderButton Component 1`] = `<styled.button />`;
