// Jest Snapshot v1, https://goo.gl/fbAQLP

exports[`all components after header should render without crashing 1`] = `
<styled.div>
  <BodyContent />
  <SubRedditSideBar />
</styled.div>
`;
