// Jest Snapshot v1, https://goo.gl/fbAQLP

exports[`Community Leaderboard RightSection this is a test for Right Section 1`] = `ShallowWrapper {}`;
